 
****************************************
Report : area
Design : NtnuTfe4171Lab1Fifo
Version: W-2024.09-SP4
Date   : Mon Jan 26 09:05:46 2026
****************************************

Information: Updating design information... (UID-85)
Library(s) Used:

    class (File: /eda/tools/synopsys/dc.w-2024.09-sp4/libraries/syn/class.db)

Number of ports:                           23
Number of nets:                          1110
Number of cells:                          893
Number of combinational cells:            616
Number of sequential cells:               276
Number of macros/black boxes:               0
Number of buf/inv:                         64
Number of references:                      18

Combinational area:               1078.000000
Buf/Inv area:                       64.000000
Noncombinational area:            1940.000000
Macro/Black Box area:                0.000000
Net Interconnect area:      undefined  (Wire load has zero net area)

Total cell area:                  3018.000000
Total area:                 undefined
1
