 
****************************************
Report : qor
Design : NtnuTfe4171Lab1Fifo
Version: W-2024.09-SP4
Date   : Sun Feb  1 17:44:56 2026
****************************************


  Timing Path Group 'clk'
  -----------------------------------
  Levels of Logic:              11.00
  Critical Path Length:         14.35
  Critical Path Slack:          47.35
  Critical Path Clk Period:     62.50
  Total Negative Slack:          0.00
  No. of Violating Paths:        0.00
  Worst Hold Violation:          0.00
  Total Hold Violation:          0.00
  No. of Hold Violations:        0.00
  -----------------------------------


  Cell Count
  -----------------------------------
  Hierarchical Cell Count:          0
  Hierarchical Port Count:          0
  Leaf Cell Count:                877
  Buf/Inv Cell Count:              55
  Buf Cell Count:                  45
  Inv Cell Count:                  55
  CT Buf/Inv Cell Count:            0
  Combinational Cell Count:       609
  Sequential Cell Count:          268
  Macro Count:                      0
  -----------------------------------


  Area
  -----------------------------------
  Combinational Area:     1069.000000
  Noncombinational Area:  1900.000000
  Buf/Inv Area:             55.000000
  Total Buffer Area:            45.00
  Total Inverter Area:          55.00
  Macro/Black Box Area:      0.000000
  Net Area:                  0.000000
  -----------------------------------
  Cell Area:              2969.000000
  Design Area:            2969.000000


  Design Rules
  -----------------------------------
  Total Number of Nets:          1160
  Nets With Violations:             0
  Max Trans Violations:             0
  Max Cap Violations:               0
  -----------------------------------


  Hostname: venus.tele.ntnu.no

  Compile CPU Statistics
  -----------------------------------------
  Resource Sharing:                    0.36
  Logic Optimization:                  0.23
  Mapping Optimization:                0.62
  -----------------------------------------
  Overall Compile Time:                6.57
  Overall Compile Wall Clock Time:     7.22

  --------------------------------------------------------------------

  Design  WNS: 0.00  TNS: 0.00  Number of Violating Paths: 0


  Design (Hold)  WNS: 0.00  TNS: 0.00  Number of Violating Paths: 0

  --------------------------------------------------------------------


1
