 
****************************************
Report : timing
        -path full
        -delay max
        -max_paths 1
Design : NtnuTfe4171Lab1Fifo
Version: W-2024.09-SP4
Date   : Mon Jan 26 09:05:46 2026
****************************************

Operating Conditions: nom_pvt   Library: class
Wire Load Model Mode: top

  Startpoint: rd_ptr_reg[1]
              (rising edge-triggered flip-flop clocked by clk)
  Endpoint: mem_reg[0][0]
            (rising edge-triggered flip-flop clocked by clk)
  Path Group: clk
  Path Type: max

  Des/Clust/Port     Wire Load Model       Library
  ------------------------------------------------
  NtnuTfe4171Lab1Fifo
                     20x20                 class

  Point                                    Incr       Path
  -----------------------------------------------------------
  clock clk (rise edge)                    0.00       0.00
  clock network delay (ideal)              0.00       0.00
  rd_ptr_reg[1]/CP (FD2)                   0.00       0.00 r
  rd_ptr_reg[1]/QN (FD2)                   2.22       2.22 f
  U881/Z (AO2)                             1.31       3.53 r
  U884/Z (NR4)                             0.36       3.89 f
  U886/Z (AO3)                             1.67       5.56 r
  U889/Z (NR2I)                            0.24       5.80 f
  U1124/Z (NR2I)                           1.79       7.59 r
  U1152/Z (ND2I)                           0.25       7.84 f
  U1251/Z (NR2I)                           0.89       8.74 r
  U1414/Z (ND2I)                           0.86       9.60 f
  U1485/Z (NR2I)                           2.61      12.21 r
  U1486/Y (IVDA)                           1.03      13.23 f
  U1487/Z (AO2)                            1.31      14.54 r
  mem_reg[0][0]/D (FD1)                    0.00      14.54 r
  data arrival time                                  14.54

  clock clk (rise edge)                   62.50      62.50
  clock network delay (ideal)              0.00      62.50
  mem_reg[0][0]/CP (FD1)                   0.00      62.50 r
  library setup time                      -0.80      61.70
  data required time                                 61.70
  -----------------------------------------------------------
  data required time                                 61.70
  data arrival time                                 -14.54
  -----------------------------------------------------------
  slack (MET)                                        47.16


1
