 
****************************************
Report : timing
        -path full
        -delay max
        -max_paths 1
Design : NtnuTfe4171Lab1Fifo
Version: W-2024.09-SP4
Date   : Sun Feb  1 17:52:27 2026
****************************************

Operating Conditions: nom_pvt   Library: class
Wire Load Model Mode: top

  Startpoint: wr_ptr_reg[0]
              (rising edge-triggered flip-flop clocked by clk)
  Endpoint: mem_reg[0][0]
            (rising edge-triggered flip-flop clocked by clk)
  Path Group: clk
  Path Type: max

  Des/Clust/Port     Wire Load Model       Library
  ------------------------------------------------
  NtnuTfe4171Lab1Fifo
                     20x20                 class

  Point                                    Incr       Path
  -----------------------------------------------------------
  clock clk (rise edge)                    0.00       0.00
  clock network delay (ideal)              0.00       0.00
  wr_ptr_reg[0]/CP (FD2)                   0.00       0.00 r
  wr_ptr_reg[0]/QN (FD2)                   2.17       2.17 f
  U873/Z (AO2)                             1.57       3.74 r
  U875/Z (AO1P)                            0.36       4.10 f
  U879/Z (ND4)                             1.27       5.37 r
  U881/Z (NR2I)                            0.24       5.62 f
  U1111/Z (NR2I)                           1.79       7.40 r
  U1139/Z (ND2I)                           0.25       7.66 f
  U1238/Z (NR2I)                           0.89       8.55 r
  U1401/Z (ND2I)                           0.86       9.41 f
  U1472/Z (NR2I)                           2.61      12.02 r
  U1473/Y (IVDA)                           1.03      13.05 f
  U1474/Z (AO2)                            1.31      14.35 r
  mem_reg[0][0]/D (FD1)                    0.00      14.35 r
  data arrival time                                  14.35

  clock clk (rise edge)                   62.50      62.50
  clock network delay (ideal)              0.00      62.50
  mem_reg[0][0]/CP (FD1)                   0.00      62.50 r
  library setup time                      -0.80      61.70
  data required time                                 61.70
  -----------------------------------------------------------
  data required time                                 61.70
  data arrival time                                 -14.35
  -----------------------------------------------------------
  slack (MET)                                        47.35


1
