 
****************************************
Report : area
Design : NtnuTfe4171Lab1Fifo
Version: W-2024.09-SP4
<<<<<<< HEAD
Date   : Mon Jan 26 09:52:51 2026
=======
Date   : Sun Feb  1 17:52:27 2026
>>>>>>> Einar
****************************************

Information: Updating design information... (UID-85)
Library(s) Used:

    class (File: /eda/tools/synopsys/dc.w-2024.09-sp4/libraries/syn/class.db)

Number of ports:                           23
<<<<<<< HEAD
Number of nets:                           999
Number of cells:                          902
Number of combinational cells:            626
Number of sequential cells:               276
Number of macros/black boxes:               0
Number of buf/inv:                         63
Number of references:                      14

Combinational area:               1090.000000
Buf/Inv area:                       63.000000
Noncombinational area:            1972.000000
Macro/Black Box area:                0.000000
Net Interconnect area:      undefined  (Wire load has zero net area)

Total cell area:                  3062.000000
=======
Number of nets:                          1160
Number of cells:                          878
Number of combinational cells:            609
Number of sequential cells:               268
Number of macros/black boxes:               0
Number of buf/inv:                         55
Number of references:                      15

Combinational area:               1069.000000
Buf/Inv area:                       55.000000
Noncombinational area:            1900.000000
Macro/Black Box area:                0.000000
Net Interconnect area:      undefined  (Wire load has zero net area)

Total cell area:                  2969.000000
>>>>>>> Einar
Total area:                 undefined
1
